// Jest Snapshot v1, https://goo.gl/fbAQLP

exports[`FavoriteCharacters should match the snapshot 1`] = `
<div
  className="FavoriteCharacters"
>
  <div
    className="toMoviesBtn__div"
  >
    <div
      className="back--episodes--saber"
    >
      <Link
        to="/movies"
      >
        <div
          className="saberButt sbleft"
        />
      </Link>
      <Link
        to="/movies"
      >
        <button
          className="backToMovies"
          type="button"
        >
          Back To All Episodes
        </button>
      </Link>
    </div>
  </div>
  <h3
    className="noFavText"
  >
    Favorite Characters:
  </h3>
  <section
    className="CharactersContainer-section"
  >
    <h3
      className="noFavText"
    >
      No Character's Favorited
    </h3>
  </section>
</div>
`;
