// Jest Snapshot v1, https://goo.gl/fbAQLP

exports[`ScrollingText should match the snapshot 1`] = `
<div
  className="body"
>
  <section
    className="scrolling-Text"
  >
    <div
      className="crawl"
    >
      <div
        className="scrollingText--Episode-info"
      >
        <h1>
          Episode 
          0
           
          The Phantom Menace
        </h1>
      </div>
      <h1 />
    </div>
  </section>
</div>
`;
