// Jest Snapshot v1, https://goo.gl/fbAQLP

exports[`Character should match the wrapper 1`] = `
<div
  className="Character"
  key="1"
>
  <input
    alt="favoriteIcon"
    className="favoriteIcon"
    onClick={[Function]}
    src="not-favorite-ds.svg"
    type="image"
  />
  <h1>
    Name: 
    Luke Skywalker
  </h1>
  <p>
    Species: 
    Human
  </p>
  <p>
    Homeworld: 
    Tatooine
  </p>
  <p>
    Homeworld Population: 
    200000
  </p>
  <FilmsList
    films={
      Array [
        "The Empire Strikes Back",
        "Revenge of the Sith",
        "Return of the Jedi",
        "A New Hope",
        "The Force Awakens",
      ]
    }
  />
</div>
`;
